// Vitest Snapshot v1, https://vitest.dev/guide/snapshot.html

exports[`Traveler/DetailsView > The rendering matches the snapshot 1`] = `"<h2>DÃ©tails du voyageur - </h2>"`;
